Looking in links: local_repo
Requirement already satisfied: setuptools in ./env/lib64/python3.11/site-packages (65.5.1)
Requirement already satisfied: wheel in ./env/lib64/python3.11/site-packages (0.48.0)
Requirement already satisfied: packaging>=24.0 in ./env/lib64/python3.11/site-packages (from wheel) (26.3)
Looking in links: local_repo
Requirement already satisfied: torch==2.11.0 in ./env/lib64/python3.11/site-packages (from -r requirements/torch.txt (line 3)) (2.11.0+cu130)
Requirement already satisfied: torchvision==0.26.0 in ./env/lib64/python3.11/site-packages (from -r requirements/torch.txt (line 4)) (0.26.0+cu130)
Requirement already satisfied: filelock in ./env/lib64/python3.11/site-packages (from torch==2.11.0->-r requirements/torch.txt (line 3)) (4.0.9)
Requirement already satisfied: typing-extensions>=4.10.0 in ./env/lib64/python3.11/site-packages (from torch==2.11.0->-r requirements/torch.txt (line 3)) (4.16.0)
Requirement already satisfied: setuptools<82 in ./env/lib64/python3.11/site-packages (from torch==2.11.0->-r requirements/torch.txt (line 3)) (65.5.1)
Requirement already satisfied: sympy>=1.13.3 in ./env/lib64/python3.11/site-packages (from torch==2.11.0->-r requirements/torch.txt (line 3)) (1.14.0)
Requirement already satisfied: networkx>=2.5.1 in ./env/lib64/python3.11/site-packages (from torch==2.11.0->-r requirements/torch.txt (line 3)) (3.6.1)
Requirement already satisfied: jinja2 in ./env/lib64/python3.11/site-packages (from torch==2.11.0->-r requirements/torch.txt (line 3)) (3.1.6)
Requirement already satisfied: fsspec>=0.8.5 in ./env/lib64/python3.11/site-packages (from torch==2.11.0->-r requirements/torch.txt (line 3)) (2026.9.0)
Requirement already satisfied: cuda-toolkit[cublas,cudart,cufft,cufile,cupti,curand,cusolver,cusparse,nvjitlink,nvrtc,nvtx]==13.0.2 in ./env/lib64/python3.11/site-packages (from torch==2.11.0->-r requirements/torch.txt (line 3)) (13.0.2)
Requirement already satisfied: cuda-bindings<14,>=13.0.3 in ./env/lib64/python3.11/site-packages (from torch==2.11.0->-r requirements/torch.txt (line 3)) (13.4.3)
Requirement already satisfied: nvidia-cudnn-cu13==9.19.0.56 in ./env/lib64/python3.11/site-packages (from torch==2.11.0->-r requirements/torch.txt (line 3)) (9.19.0.56)
Requirement already satisfied: nvidia-cusparselt-cu13==0.8.0 in ./env/lib64/python3.11/site-packages (from torch==2.11.0->-r requirements/torch.txt (line 3)) (0.8.0)
Requirement already satisfied: nvidia-nccl-cu13==2.28.9 in ./env/lib64/python3.11/site-packages (from torch==2.11.0->-r requirements/torch.txt (line 3)) (2.28.9)
Requirement already satisfied: nvidia-nvshmem-cu13==3.4.5 in ./env/lib64/python3.11/site-packages (from torch==2.11.0->-r requirements/torch.txt (line 3)) (3.4.5)
Requirement already satisfied: triton==3.6.0 in ./env/lib64/python3.11/site-packages (from torch==2.11.0->-r requirements/torch.txt (line 3)) (3.6.0)
Requirement already satisfied: numpy in ./env/lib64/python3.11/site-packages (from torchvision==0.26.0->-r requirements/torch.txt (line 4)) (2.4.6)
Requirement already satisfied: pillow!=8.3.*,>=5.3.0 in ./env/lib64/python3.11/site-packages (from torchvision==0.26.0->-r requirements/torch.txt (line 4)) (12.3.0)
Requirement already satisfied: nvidia-cublas==13.1.0.3.* in ./env/lib64/python3.11/site-packages (from cuda-toolkit[cublas,cudart,cufft,cufile,cupti,curand,cusolver,cusparse,nvjitlink,nvrtc,nvtx]==13.0.2->torch==2.11.0->-r requirements/torch.txt (line 3)) (13.1.0.3)
Requirement already satisfied: nvidia-cuda-runtime==13.0.96.* in ./env/lib64/python3.11/site-packages (from cuda-toolkit[cublas,cudart,cufft,cufile,cupti,curand,cusolver,cusparse,nvjitlink,nvrtc,nvtx]==13.0.2->torch==2.11.0->-r requirements/torch.txt (line 3)) (13.0.96)
Requirement already satisfied: nvidia-cufft==12.0.0.61.* in ./env/lib64/python3.11/site-packages (from cuda-toolkit[cublas,cudart,cufft,cufile,cupti,curand,cusolver,cusparse,nvjitlink,nvrtc,nvtx]==13.0.2->torch==2.11.0->-r requirements/torch.txt (line 3)) (12.0.0.61)
Requirement already satisfied: nvidia-cufile==1.15.1.6.* in ./env/lib64/python3.11/site-packages (from cuda-toolkit[cublas,cudart,cufft,cufile,cupti,curand,cusolver,cusparse,nvjitlink,nvrtc,nvtx]==13.0.2->torch==2.11.0->-r requirements/torch.txt (line 3)) (1.15.1.6)
Requirement already satisfied: nvidia-cuda-cupti==13.0.85.* in ./env/lib64/python3.11/site-packages (from cuda-toolkit[cublas,cudart,cufft,cufile,cupti,curand,cusolver,cusparse,nvjitlink,nvrtc,nvtx]==13.0.2->torch==2.11.0->-r requirements/torch.txt (line 3)) (13.0.85)
Requirement already satisfied: nvidia-curand==10.4.0.35.* in ./env/lib64/python3.11/site-packages (from cuda-toolkit[cublas,cudart,cufft,cufile,cupti,curand,cusolver,cusparse,nvjitlink,nvrtc,nvtx]==13.0.2->torch==2.11.0->-r requirements/torch.txt (line 3)) (10.4.0.35)
Requirement already satisfied: nvidia-cusolver==12.0.4.66.* in ./env/lib64/python3.11/site-packages (from cuda-toolkit[cublas,cudart,cufft,cufile,cupti,curand,cusolver,cusparse,nvjitlink,nvrtc,nvtx]==13.0.2->torch==2.11.0->-r requirements/torch.txt (line 3)) (12.0.4.66)
Requirement already satisfied: nvidia-cusparse==12.6.3.3.* in ./env/lib64/python3.11/site-packages (from cuda-toolkit[cublas,cudart,cufft,cufile,cupti,curand,cusolver,cusparse,nvjitlink,nvrtc,nvtx]==13.0.2->torch==2.11.0->-r requirements/torch.txt (line 3)) (12.6.3.3)
Requirement already satisfied: nvidia-nvjitlink==13.0.88.* in ./env/lib64/python3.11/site-packages (from cuda-toolkit[cublas,cudart,cufft,cufile,cupti,curand,cusolver,cusparse,nvjitlink,nvrtc,nvtx]==13.0.2->torch==2.11.0->-r requirements/torch.txt (line 3)) (13.0.88)
Requirement already satisfied: nvidia-cuda-nvrtc==13.0.88.* in ./env/lib64/python3.11/site-packages (from cuda-toolkit[cublas,cudart,cufft,cufile,cupti,curand,cusolver,cusparse,nvjitlink,nvrtc,nvtx]==13.0.2->torch==2.11.0->-r requirements/torch.txt (line 3)) (13.0.88)
Requirement already satisfied: nvidia-nvtx==13.0.85.* in ./env/lib64/python3.11/site-packages (from cuda-toolkit[cublas,cudart,cufft,cufile,cupti,curand,cusolver,cusparse,nvjitlink,nvrtc,nvtx]==13.0.2->torch==2.11.0->-r requirements/torch.txt (line 3)) (13.0.85)
Requirement already satisfied: cuda-pathfinder>=1.4.2 in ./env/lib64/python3.11/site-packages (from cuda-bindings<14,>=13.0.3->torch==2.11.0->-r requirements/torch.txt (line 3)) (1.8.3)
Requirement already satisfied: mpmath<1.4,>=1.1.0 in ./env/lib64/python3.11/site-packages (from sympy>=1.13.3->torch==2.11.0->-r requirements/torch.txt (line 3)) (1.3.0)
Requirement already satisfied: MarkupSafe>=2.0 in ./env/lib64/python3.11/site-packages (from jinja2->torch==2.11.0->-r requirements/torch.txt (line 3)) (3.0.3)
Looking in links: local_repo
Processing ./local_repo/numpy-1.26.4-cp311-cp311-manylinux_2_17_x86_64.manylinux2014_x86_64.whl
Processing ./local_repo/pandas-2.3.3-cp311-cp311-manylinux_2_24_x86_64.manylinux_2_28_x86_64.whl
Processing ./local_repo/scipy-1.17.1-cp311-cp311-manylinux_2_27_x86_64.manylinux_2_28_x86_64.whl
Processing ./local_repo/scikit_learn-1.5.2-cp311-cp311-manylinux_2_17_x86_64.manylinux2014_x86_64.whl
Processing ./local_repo/scikit_image-0.26.0-cp311-cp311-manylinux_2_24_x86_64.manylinux_2_28_x86_64.whl
Processing ./local_repo/matplotlib-3.11.2-cp311-cp311-manylinux2014_x86_64.manylinux_2_17_x86_64.whl
Processing ./local_repo/seaborn-0.13.2-py3-none-any.whl
Processing ./local_repo/pyyaml-6.0.3-cp311-cp311-manylinux2014_x86_64.manylinux_2_17_x86_64.manylinux_2_28_x86_64.whl
Processing ./local_repo/tqdm-4.70.1-py3-none-any.whl
Processing ./local_repo/pytest-9.1.1-py3-none-any.whl
Processing ./local_repo/openpyxl-3.1.5-py2.py3-none-any.whl
Requirement already satisfied: networkx>=3.1 in ./env/lib64/python3.11/site-packages (from -r requirements/binary.txt (line 14)) (3.6.1)
Processing ./local_repo/xgboost-3.2.0-py3-none-manylinux_2_28_x86_64.whl
Processing ./local_repo/shap-0.49.1-cp311-cp311-manylinux_2_17_x86_64.manylinux2014_x86_64.whl
Processing ./local_repo/lxml-6.1.3-cp311-cp311-manylinux_2_26_x86_64.manylinux_2_28_x86_64.whl
Processing ./local_repo/termcolor-3.3.0-py3-none-any.whl
Processing ./local_repo/wordfreq-3.1.1-py3-none-any.whl
Processing ./local_repo/python_sat-1.9.dev15-cp311-cp311-manylinux_2_24_x86_64.manylinux_2_28_x86_64.whl
Processing ./local_repo/opencv_python_headless-4.11.0.86-cp37-abi3-manylinux_2_17_x86_64.manylinux2014_x86_64.whl
Processing ./local_repo/pycsp3-2.6.1-py3-none-any.whl
Processing ./local_repo/lightgbm-4.7.0-py3-none-manylinux_2_27_x86_64.manylinux_2_28_x86_64.whl
Processing ./local_repo/ortools-9.14.6206-cp311-cp311-manylinux_2_27_x86_64.manylinux_2_28_x86_64.whl
Processing ./local_repo/dill-0.4.1-py3-none-any.whl
Requirement already satisfied: packaging in ./env/lib64/python3.11/site-packages (from -r requirements/binary.txt (line 28)) (26.3)
Processing ./local_repo/transformers-4.57.6-py3-none-any.whl
Processing ./local_repo/huggingface_hub-0.36.2-py3-none-any.whl
Processing ./local_repo/safetensors-0.8.0-cp310-abi3-manylinux_2_17_x86_64.manylinux2014_x86_64.whl
Processing ./local_repo/tokenizers-0.22.2-cp39-abi3-manylinux_2_17_x86_64.manylinux2014_x86_64.whl
Processing ./local_repo/torch_geometric-2.8.0.post1-py3-none-any.whl
Requirement already satisfied: setuptools in ./env/lib64/python3.11/site-packages (from -r requirements/binary.txt (line 36)) (65.5.1)
Requirement already satisfied: wheel in ./env/lib64/python3.11/site-packages (from -r requirements/binary.txt (line 37)) (0.48.0)
Processing ./local_repo/nvidia_nccl_cu12-2.32.3-py3-none-manylinux_2_27_x86_64.whl
Processing ./local_repo/six-1.17.0-py2.py3-none-any.whl
Processing ./local_repo/python_dateutil-2.9.0.post0-py2.py3-none-any.whl
Processing ./local_repo/pytz-2026.4-py2.py3-none-any.whl
Processing ./local_repo/tzdata-2026.4-py2.py3-none-any.whl
Processing ./local_repo/joblib-1.6.0-py3-none-any.whl
Processing ./local_repo/threadpoolctl-3.7.0-py3-none-any.whl
Requirement already satisfied: pillow>=10.1 in ./env/lib64/python3.11/site-packages (from scikit-image>=0.21->-r requirements/binary.txt (line 7)) (12.3.0)
Processing ./local_repo/imageio-2.38.0-py3-none-any.whl
Processing ./local_repo/tifffile-2026.3.3-py3-none-any.whl
Processing ./local_repo/lazy_loader-0.6-py3-none-any.whl
Processing ./local_repo/contourpy-1.3.3-cp311-cp311-manylinux_2_27_x86_64.manylinux_2_28_x86_64.whl
Processing ./local_repo/cycler-0.12.1-py3-none-any.whl
Processing ./local_repo/fonttools-4.66.1-cp311-cp311-manylinux2014_x86_64.manylinux_2_17_x86_64.whl
Processing ./local_repo/kiwisolver-1.5.1-cp311-cp311-manylinux2014_x86_64.manylinux_2_17_x86_64.whl
Processing ./local_repo/pyparsing-3.3.3-py3-none-any.whl
Processing ./local_repo/iniconfig-2.3.0-py3-none-any.whl
Processing ./local_repo/pluggy-1.6.0-py3-none-any.whl
Processing ./local_repo/pygments-2.21.0-py3-none-any.whl
Processing ./local_repo/et_xmlfile-2.0.0-py3-none-any.whl
Processing ./local_repo/slicer-0.0.8-py3-none-any.whl
Processing ./local_repo/numba-0.68.0-cp311-cp311-manylinux_2_27_x86_64.manylinux_2_28_x86_64.whl
Processing ./local_repo/cloudpickle-3.1.2-py3-none-any.whl
Requirement already satisfied: typing-extensions in ./env/lib64/python3.11/site-packages (from shap>=0.44->-r requirements/binary.txt (line 17)) (4.16.0)
Processing ./local_repo/ftfy-6.3.1-py3-none-any.whl
Processing ./local_repo/langcodes-3.5.1-py3-none-any.whl
Processing ./local_repo/locate-1.1.1-py3-none-any.whl
Processing ./local_repo/msgpack-1.2.3-cp311-cp311-manylinux2014_x86_64.manylinux_2_17_x86_64.manylinux_2_28_x86_64.whl
Processing ./local_repo/regex-2026.9.29-cp311-cp311-manylinux2014_x86_64.manylinux_2_17_x86_64.manylinux_2_28_x86_64.whl
Processing ./local_repo/narwhals-2.26.0-py3-none-any.whl
Processing ./local_repo/absl_py-2.5.0-py3-none-any.whl
Processing ./local_repo/protobuf-6.31.1-cp39-abi3-manylinux2014_x86_64.whl
Processing ./local_repo/immutabledict-4.3.1-py3-none-any.whl
Requirement already satisfied: filelock in ./env/lib64/python3.11/site-packages (from transformers<5,>=4.40->-r requirements/binary.txt (line 30)) (4.0.9)
Processing ./local_repo/requests-2.34.2-py3-none-any.whl
Requirement already satisfied: fsspec>=2023.5.0 in ./env/lib64/python3.11/site-packages (from huggingface_hub->-r requirements/binary.txt (line 31)) (2026.9.0)
Processing ./local_repo/hf_xet-1.6.0-cp38-abi3-manylinux2014_x86_64.manylinux_2_17_x86_64.whl
Processing ./local_repo/aiohttp-3.14.3-cp311-cp311-manylinux2014_x86_64.manylinux_2_17_x86_64.manylinux_2_28_x86_64.whl
Requirement already satisfied: jinja2 in ./env/lib64/python3.11/site-packages (from torch_geometric>=2.5->-r requirements/binary.txt (line 34)) (3.1.6)
Processing ./local_repo/psutil-7.2.2-cp36-abi3-manylinux2010_x86_64.manylinux_2_12_x86_64.manylinux_2_28_x86_64.whl
Processing ./local_repo/xxhash-4.0.1-cp311-cp311-manylinux2014_x86_64.manylinux_2_17_x86_64.manylinux_2_28_x86_64.whl
Processing ./local_repo/wcwidth-0.9.1-cp310-abi3-manylinux2014_x86_64.manylinux_2_17_x86_64.whl
Processing ./local_repo/llvmlite-0.50.0-cp311-cp311-manylinux_2_27_x86_64.manylinux_2_28_x86_64.whl
Processing ./local_repo/aiohappyeyeballs-2.7.1-py3-none-any.whl
Processing ./local_repo/aiosignal-1.4.0-py3-none-any.whl
Processing ./local_repo/attrs-26.1.0-py3-none-any.whl
Processing ./local_repo/frozenlist-1.8.0-cp311-cp311-manylinux1_x86_64.manylinux_2_28_x86_64.manylinux_2_5_x86_64.whl
Processing ./local_repo/multidict-6.9.1-cp311-cp311-manylinux2014_x86_64.manylinux_2_17_x86_64.manylinux_2_28_x86_64.whl
Processing ./local_repo/propcache-0.5.4-cp311-cp311-manylinux2014_x86_64.manylinux_2_17_x86_64.manylinux_2_28_x86_64.whl
Processing ./local_repo/yarl-1.25.1-cp311-cp311-manylinux2014_x86_64.manylinux_2_17_x86_64.manylinux_2_28_x86_64.whl
Requirement already satisfied: MarkupSafe>=2.0 in ./env/lib64/python3.11/site-packages (from jinja2->torch_geometric>=2.5->-r requirements/binary.txt (line 34)) (3.0.3)
Processing ./local_repo/charset_normalizer-3.5.2-cp311-cp311-manylinux2014_x86_64.manylinux_2_17_x86_64.manylinux_2_28_x86_64.whl
Processing ./local_repo/idna-3.20-py3-none-any.whl
Processing ./local_repo/urllib3-2.8.0-py3-none-any.whl
Processing ./local_repo/certifi-2026.7.22-py3-none-any.whl
Installing collected packages: pytz, xxhash, wcwidth, urllib3, tzdata, tqdm, threadpoolctl, termcolor, slicer, six, safetensors, regex, pyyaml, pyparsing, pygments, psutil, protobuf, propcache, pluggy, nvidia-nccl-cu12, numpy, narwhals, multidict, msgpack, lxml, locate, llvmlite, lazy-loader, langcodes, kiwisolver, iniconfig, immutabledict, idna, hf-xet, frozenlist, fonttools, et-xmlfile, dill, cycler, cloudpickle, charset_normalizer, certifi, attrs, aiohappyeyeballs, absl-py, yarl, tifffile, scipy, requests, python-sat, python-dateutil, pytest, pycsp3, openpyxl, opencv-python-headless, numba, joblib, imageio, ftfy, contourpy, aiosignal, xgboost, wordfreq, scikit-learn, scikit-image, pandas, matplotlib, lightgbm, huggingface_hub, aiohttp, torch_geometric, tokenizers, shap, seaborn, ortools, transformers
  Attempting uninstall: numpy
    Found existing installation: numpy 2.4.6
    Uninstalling numpy-2.4.6:
      Successfully uninstalled numpy-2.4.6
Successfully installed absl-py-2.5.0 aiohappyeyeballs-2.7.1 aiohttp-3.14.3 aiosignal-1.4.0 attrs-26.1.0 certifi-2026.7.22 charset_normalizer-3.5.2 cloudpickle-3.1.2 contourpy-1.3.3 cycler-0.12.1 dill-0.4.1 et-xmlfile-2.0.0 fonttools-4.66.1 frozenlist-1.8.0 ftfy-6.3.1 hf-xet-1.6.0 huggingface_hub-0.36.2 idna-3.20 imageio-2.38.0 immutabledict-4.3.1 iniconfig-2.3.0 joblib-1.6.0 kiwisolver-1.5.1 langcodes-3.5.1 lazy-loader-0.6 lightgbm-4.7.0 llvmlite-0.50.0 locate-1.1.1 lxml-6.1.3 matplotlib-3.11.2 msgpack-1.2.3 multidict-6.9.1 narwhals-2.26.0 numba-0.68.0 numpy-1.26.4 nvidia-nccl-cu12-2.32.3 opencv-python-headless-4.11.0.86 openpyxl-3.1.5 ortools-9.14.6206 pandas-2.3.3 pluggy-1.6.0 propcache-0.5.4 protobuf-6.31.1 psutil-7.2.2 pycsp3-2.6.1 pygments-2.21.0 pyparsing-3.3.3 pytest-9.1.1 python-dateutil-2.9.0.post0 python-sat-1.9.dev15 pytz-2026.4 pyyaml-6.0.3 regex-2026.9.29 requests-2.34.2 safetensors-0.8.0 scikit-image-0.26.0 scikit-learn-1.5.2 scipy-1.17.1 seaborn-0.13.2 shap-0.49.1 six-1.17.0 slicer-0.0.8 termcolor-3.3.0 threadpoolctl-3.7.0 tifffile-2026.3.3 tokenizers-0.22.2 torch_geometric-2.8.0.post1 tqdm-4.70.1 transformers-4.57.6 tzdata-2026.4 urllib3-2.8.0 wcwidth-0.9.1 wordfreq-3.1.1 xgboost-3.2.0 xxhash-4.0.1 yarl-1.25.1
Looking in links: local_repo
Processing ./local_repo/pyxai-2.0.1-cp311-cp311-manylinux_2_24_x86_64.manylinux_2_28_x86_64.whl
Processing ./local_repo/docplex-2.32.264.tar.gz
  Preparing metadata (pyproject.toml): started
  Preparing metadata (pyproject.toml): finished with status 'done'
Processing ./local_repo/lime-0.2.0.1.tar.gz
  Preparing metadata (setup.py): started
  Preparing metadata (setup.py): finished with status 'done'
Processing ./local_repo/anchor_exp-0.0.2.0.tar.gz
  Preparing metadata (setup.py): started
  Preparing metadata (setup.py): finished with status 'done'
Processing ./local_repo/captum-0.8.0-py3-none-any.whl
Building wheels for collected packages: docplex, lime, anchor-exp
  Building wheel for docplex (pyproject.toml): started
  Building wheel for docplex (pyproject.toml): finished with status 'done'
  Created wheel for docplex: filename=docplex-2.32.264-py3-none-any.whl size=703824 sha256=a955936879846d2250e8d6c678b8ef1fa0711e26129841ab5728e2ddbf996f1e
  Stored in directory: /home/cril/r.abidi/.cache/pip/wheels/66/5b/20/1c1bfb3f917bc429aaca8cf21017dfa13898f56fa98196017d
  Building wheel for lime (setup.py): started
  Building wheel for lime (setup.py): finished with status 'done'
  Created wheel for lime: filename=lime-0.2.0.1-py3-none-any.whl size=283834 sha256=b506c5ada40cb23e0bce15fead9298ead89bf373f7121ed7fa23f328312d4801
  Stored in directory: /home/cril/r.abidi/.cache/pip/wheels/37/58/68/122fe569688e4054bbc68e3df1edcbafb76b135494fb751b9d
  Building wheel for anchor-exp (setup.py): started
  Building wheel for anchor-exp (setup.py): finished with status 'done'
  Created wheel for anchor-exp: filename=anchor_exp-0.0.2.0-py3-none-any.whl size=433500 sha256=4219200b36390134228074a65e81b6ed2bc8550077500d84c932c4ee78bae511
  Stored in directory: /home/cril/r.abidi/.cache/pip/wheels/ff/ae/9a/5d636f1cd2088c10afcaacb9a25e07e53c4b72d358d1e60039
Successfully built docplex lime anchor-exp
Installing collected packages: docplex, pyxai, lime, captum, anchor-exp
Successfully installed anchor-exp-0.0.2.0 captum-0.8.0 docplex-2.32.264 lime-0.2.0.1 pyxai-2.0.1
Obtaining file:///home/cril/r.abidi/xai
  Checking if build backend supports build_editable: started
  Checking if build backend supports build_editable: finished with status 'done'
  Preparing editable metadata (pyproject.toml): started
  Preparing editable metadata (pyproject.toml): finished with status 'done'
Building wheels for collected packages: xaibench
  Building editable for xaibench (pyproject.toml): started
  Building editable for xaibench (pyproject.toml): finished with status 'done'
  Created wheel for xaibench: filename=xaibench-0.1.0-0.editable-py3-none-any.whl size=1261 sha256=4c136c9cf94355b6ed797e6b3edd0b9a8cf0d3a5c457fb8fd7f442ba31b78347
  Stored in directory: /tmp/pip-ephem-wheel-cache-d7zeowo8/wheels/24/ef/1d/e00e21d9a53a5d9d8cfeaf631f488f77a7a9006327403f91d8
Successfully built xaibench
Installing collected packages: xaibench
Successfully installed xaibench-0.1.0
............                                                             [100%]
12 passed in 0.19s
numpy            1.26.4
pandas           2.3.3
sklearn          1.5.2
xgboost          3.2.0
shap             0.49.1
lime             ok
anchor           ok
pyxai            2.0.1
torch            2.11.0+cu130
torchvision      0.26.0+cu130
torch_geometric  2.8.0.post1
captum           0.8.0
transformers     4.57.6
CUDA available: False | GPUs: 0 | 
Environment ready. Activate it with:  source env/bin/activate
